// Jest Snapshot v1, https://goo.gl/fbAQLP

exports[`render FollowBlock should render the block and match the snapshot 1`] = `
<DocumentFragment>
  <div
    class="d-flex justify-content-center flex-row mt-3 mb-3"
  >
    <div
      class="d-flex flex-column mr-5"
    >
      <span
        aria-label="follower-count"
        style="font-size: 1.75rem; line-height: 0.75; font-weight: bold;"
      >
        0
      </span>
      <span
        style="font-size: 0.85rem;"
      >
        Followers
      </span>
    </div>
    <div
      class="d-flex flex-column"
    >
      <span
        aria-label="follow-count"
        style="font-size: 1.75rem; line-height: 0.75; font-weight: bold;"
      >
        0
      </span>
      <span
        style="font-size: 0.85rem;"
      >
        Following
      </span>
    </div>
  </div>
  <div
    class="d-flex flex-row mb-3"
  >
    <div
      class="flex-fill mr-2"
    >
      <button
        aria-label="follow-button"
        class="btn btn-primary"
        style="width: 100%;"
      >
        Follow
      </button>
    </div>
    <div>
      <div
        class="dropdown"
      >
        <button
          aria-expanded="false"
          aria-haspopup="true"
          class="btn btn-primary dropdown-toggle"
          data-toggle="dropdown"
          id="dropdownMenuButton"
        >
          ...
        </button>
        <div>
          <div
            aria-labelledby="dropdownMenuButton"
            class="dropdown-menu"
          >
            <a
              class="dropdown-item"
              href="#block"
            >
              Block
            </a>
            <a
              class="dropdown-item"
              href="#report"
            >
              Report
            </a>
          </div>
        </div>
      </div>
    </div>
  </div>
</DocumentFragment>
`;
