// Jest Snapshot v1, https://goo.gl/fbAQLP

exports[`cards visibility section initial 1`] = `" "`;
